_004
_004/____________________________________________________________________________________________________________________________________________________151
_004/____________________________________________________________________________________________________________________________________________________151/_004
________________+020
________________+020/___________014
________________+020/_______________+040
________________+020/_______________+040/___________014
________________+020/_______________+040/_______________+060
________________+020/_______________+040/_______________+060/___________014
________________+020/_______________+040/_______________+060/_______________+080
________________+020/_______________+040/_______________+060/_______________+080/___________014
________________+020/_______________+040/_______________+060/_______________+080/_______________+100
________________+020/_______________+040/_______________+060/_______________+080/_______________+100/___________014
________________+020/_______________+040/_______________+060/_______________+080/_______________+100/_______________+120
________________+020/_______________+040/_______________+060/_______________+080/_______________+100/_______________+120/___________014
________________+020/_______________+040/_______________+060/_______________+080/_______________+100/_______________+120/_______________+140
________________+020/_______________+040/_______________+060/_______________+080/_______________+100/_______________+120/_______________+140/________+153
________________+020/_______________+040/_______________+060/_______________+080/_______________+100/_______________+120/_______________+140/________+153/________________________________________________________________________________________________099
________________+020/_______________+040/_______________+060/_______________+080/_______________+100/_______________+120/_______________+140/________+153/_________________________________________________________________________________________________100
________________+020/_______________+040/_______________+060/_______________+080/_______________+100/_______________+120/_______________+140/________+153/__________________________________________________________________________________________________101
________________+020/_______________+040/_______________+060/_______________+080/_______________+100/_______________+120/_______________+140/_________+154
________________+020/_______________+040/_______________+060/_______________+080/_______________+100/_______________+120/_______________+140/_________+154/________________________________________________________________________________________________099
________________+020/_______________+040/_______________+060/_______________+080/_______________+100/_______________+120/_______________+140/_________+154/_________________________________________________________________________________________________100
________________+020/_______________+040/_______________+060/_______________+080/_______________+100/_______________+120/_______________+140/_________+154/__________________________________________________________________________________________________101
________________+020/_______________+040/_______________+060/_______________+080/_______________+100/_______________+120/_______________+140/__________+155
________________+020/_______________+040/_______________+060/_______________+080/_______________+100/_______________+120/_______________+140/__________+155/________________________________________________________________________________________________099
________________+020/_______________+040/_______________+060/_______________+080/_______________+100/_______________+120/_______________+140/__________+155/_________________________________________________________________________________________________100
________________+020/_______________+040/_______________+060/_______________+080/_______________+100/_______________+120/_______________+140/__________+155/__________________________________________________________________________________________________101
________________+020/_______________+040/_______________+060/_______________+080/_______________+100/_______________+120/_______________+140/___________+156
________________+020/_______________+040/_______________+060/_______________+080/_______________+100/_______________+120/_______________+140/___________+156/________________________________________________________________________________________________099
________________+020/_______________+040/_______________+060/_______________+080/_______________+100/_______________+120/_______________+140/___________+156/_________________________________________________________________________________________________100
________________+020/_______________+040/_______________+060/_______________+080/_______________+100/_______________+120/_______________+140/___________+156/__________________________________________________________________________________________________101
________________+020/_______________+040/_______________+060/_______________+080/_______________+100/_______________+120/_______________+140/___________014
________________+020/_______________+040/_______________+060/_______________+080/_______________+100/_______________+120/_______________+140/_______________+160
________________+020/_______________+040/_______________+060/_______________+080/_______________+100/_______________+120/_______________+140/_______________+160/___________014
________________+020/_______________+040/_______________+060/_______________+080/_______________+100/_______________+120/_______________+140/_______________+160/_______________+180
________________+020/_______________+040/_______________+060/_______________+080/_______________+100/_______________+120/_______________+140/_______________+160/_______________+180/___________014
________________+020/_______________+040/_______________+060/_______________+080/_______________+100/_______________+120/_______________+140/_______________+160/_______________+180/_______________+200
________________+020/_______________+040/_______________+060/_______________+080/_______________+100/_______________+120/_______________+140/_______________+160/_______________+180/_______________+200/___________014
________________+020/_______________+040/_______________+060/_______________+080/_______________+100/_______________+120/_______________+140/_______________+160/_______________+180/_______________+200/_______________+220
________________+020/_______________+040/_______________+060/_______________+080/_______________+100/_______________+120/_______________+140/_______________+160/_______________+180/_______________+200/_______________+220/___________014
________________+020/_______________+040/_______________+060/_______________+080/_______________+100/_______________+120/_______________+140/_______________+160/_______________+180/_______________+200/_______________+220/_______________+240
________________+020/_______________+040/_______________+060/_______________+080/_______________+100/_______________+120/_______________+140/_______________+160/_______________+180/_______________+200/_______________+220/_______________+240/___________014
________________+020/_______________+040/_______________+060/_______________+080/_______________+100/_______________+120/_______________+140/_______________+160/_______________+180/_______________+200/_______________+220/_______________+240/_______________+260
________________+020/_______________+040/_______________+060/_______________+080/_______________+100/_______________+120/_______________+140/_______________+160/_______________+180/_______________+200/_______________+220/_______________+240/_______________+260/___________014
______________________________________________________________________________________+090
______________________________________________________________________________________+090/____________________________________________________________+155
______________________________________________________________________________________+090/____________________________________________________________+155/_____________________________________040
______________________________________________________________________________________+090/_____________________________________________________________+156
______________________________________________________________________________________+090/_____________________________________________________________+156/_____________________________________040
______________________________________________________________________________________________D_099
______________________________________________________________________________________________D_099/________________________________________________________________________________________________099
______________________________________________________________________________________________D_099/_________________________________________________________________________________________________100
______________________________________________________________________________________________D_099/__________________________________________________________________________________________________101
_______________________________________________________________________________________________D_100
_______________________________________________________________________________________________D_100/________________________________________________________________________________________________099
_______________________________________________________________________________________________D_100/_________________________________________________________________________________________________100
_______________________________________________________________________________________________D_100/__________________________________________________________________________________________________101
________________________________________________________________________________________________099
________________________________________________________________________________________________D_101
________________________________________________________________________________________________D_101/________________________________________________________________________________________________099
________________________________________________________________________________________________D_101/_________________________________________________________________________________________________100
________________________________________________________________________________________________D_101/__________________________________________________________________________________________________101
_________________________________________________________________________________________________100
__________________________________________________________________________________________________101
_______________________________________________________________________________________________________________________________________________________154
_______________________________________________________________________________________________________________________________________________________154/________________________________________________________________________________________________099
_______________________________________________________________________________________________________________________________________________________154/_________________________________________________________________________________________________100
_______________________________________________________________________________________________________________________________________________________154/__________________________________________________________________________________________________101
________________________________________________________________________________________________________________________________________________________155
________________________________________________________________________________________________________________________________________________________155/________________________________________________________________________________________________099
________________________________________________________________________________________________________________________________________________________155/_________________________________________________________________________________________________100
________________________________________________________________________________________________________________________________________________________155/__________________________________________________________________________________________________101
_________________________________________________________________________________________________________________________________________________________156
_________________________________________________________________________________________________________________________________________________________156/________________________________________________________________________________________________099
_________________________________________________________________________________________________________________________________________________________156/_________________________________________________________________________________________________100
_________________________________________________________________________________________________________________________________________________________156/__________________________________________________________________________________________________101
